# serializer version: 1
# name: test_image_to_sixels
  '\x1bP0;0;0q"1;1;16;16#0;2;78;73;72#1;2;78;73;67#2;2;83;65;49#3;2;91;62;49#4;2;73;71;73#5;2;58;66;79#6;2;91;62;48#7;2;80;59;49#8;2;64;60;61#9;2;61;56;50#10;2;82;55;44#11;2;82;55;41#12;2;83;53;43#13;2;85;54;37#14;2;82;54;32#15;2;71;55;43#16;2;62;54;58#17;2;55;53;55#18;2;81;51;39#19;2;82;50;35#20;2;82;49;38#21;2;83;48;33#22;2;83;48;38#23;2;78;48;36#24;2;82;47;34#25;2;80;46;35#26;2;75;46;31#27;2;72;49;39#28;2;72;49;38#29;2;64;46;45#30;2;62;46;40#31;2;61;48;41#32;2;53;50;51#33;2;53;48;53#34;2;46;60;83#35;2;45;58;81#36;2;45;58;82#37;2;44;57;80#38;2;48;56;71#39;2;42;56;78#40;2;42;56;78#41;2;41;56;79#42;2;43;55;78#43;2;42;55;79#44;2;40;55;79#45;2;41;55;78#46;2;41;55;78#47;2;41;55;78#48;2;41;55;77#49;2;39;55;78#50;2;41;54;78#51;2;39;54;78#52;2;39;53;78#53;2;39;54;78#54;2;51;48;55#55;2;51;47;46#56;2;35;51;76#57;2;35;51;75#58;2;35;51;75#59;2;35;50;75#60;2;37;48;67#61;2;32;48;75#62;2;32;47;73#63;2;31;46;73#64;2;31;46;73#65;2;73;43;28#66;2;69;45;35#67;2;68;41;32#68;2;70;40;26#69;2;68;39;26#70;2;67;40;30#71;2;62;42;42#72;2;65;42;33#73;2;57;45;39#74;2;65;39;26#75;2;52;39;38#76;2;65;37;26#77;2;64;35;25#78;2;69;36;13#79;2;61;37;22#80;2;58;37;29#81;2;51;31;39#82;2;58;30;18#83;2;46;43;45#84;2;46;42;44#85;2;50;39;33#86;2;39;42;56#87;2;41;39;48#88;2;45;38;40#89;2;44;37;39#90;2;41;37;41#91;2;39;35;41#92;2;50;32;40#93;2;39;33;36#94;2;38;35;43#95;2;38;32;26#96;2;43;29;23#97;2;44;29;22#98;2;41;27;23#99;2;30;44;71#100;2;28;43;71#101;2;27;43;71#102;2;27;43;70#103;2;27;42;71#104;2;27;42;70#105;2;27;41;70#106;2;26;41;69#107;2;25;41;69#108;2;25;41;69#109;2;31;39;57#110;2;26;39;66#111;2;25;40;69#112;2;25;40;68#113;2;25;39;69#114;2;25;39;68#115;2;30;38;58#116;2;23;39;68#117;2;33;33;35#118;2;34;33;41#119;2;26;32;46#120;2;33;32;42#121;2;32;31;42#122;2;22;31;49#123;2;35;30;32#124;2;35;30;26#125;2;33;28;26#126;2;32;30;42#127;2;29;28;31#128;2;32;28;23#129;2;39;25;21#130;2;39;23;19#131;2;38;23;21#132;2;47;20;12#133;2;34;23;19#134;2;29;25;24#135;2;30;17;10#136;2;28;27;28#137;2;26;26;28#138;2;27;25;35#139;2;28;21;23#140;2;26;19;13#141;2;25;23;25#142;2;25;23;24#143;2;25;22;25#144;2;18;18;33#145;2;21;17;21#146;2;23;17;24#147;2;17;17;25#148;2;17;17;34#149;2;61;16;16#150;2;50;10;11#151;2;45;16;19#152;2;34;3;8#153;2;33;4;5#154;2;25;16;14#155;2;25;14;15#156;2;25;5;6#157;2;21;16;23#158;2;22;16;14#159;2;19;16;13#160;2;16;14;17#161;2;20;12;9#162;2;16;12;17#163;2;14;19;31#164;2;14;15;33#165;2;16;14;16#166;2;15;14;28#167;2;13;14;21#168;2;14;13;29#169;2;14;13;27#170;2;13;12;26#171;2;14;12;24#172;2;10;11;31#173;2;12;10;19#174;2;10;11;17#175;2;8;11;17#176;2;14;12;16#177;2;13;10;10#178;2;12;10;12#179;2;14;10;12#180;2;10;9;19#181;2;10;10;23#182;2;10;10;12#183;2;8;9;26#184;2;9;8;28#185;2;8;7;13#186;2;10;7;12#187;2;11;7;12#188;2;11;10;11#189;2;11;10;11#190;2;10;8;8#191;2;11;8;10#192;2;16;7;10#193;2;8;6;6#194;2;8;9;28#195;2;7;8;26#196;2;6;6;25#197;2;6;6;25#198;2;6;6;15#199;2;8;8;11#200;2;7;7;12#201;2;7;7;12#202;2;8;7;10#203;2;7;7;9#204;2;6;7;9#205;2;7;6;9#206;2;7;6;9#207;2;5;5;21#208;2;5;5;20#209;2;6;5;15#210;2;8;5;13#211;2;6;5;10#212;2;5;5;9#213;2;5;6;10#214;2;8;7;8#215;2;6;6;8#216;2;6;6;7#217;2;5;5;8#218;2;5;5;8#219;2;5;5;8#220;2;5;5;8#221;2;5;5;6#222;2;5;5;7#223;2;5;5;6#224;2;5;5;6#225;2;5;5;6#226;2;5;5;5#227;2;4;5;7#228;2;3;5;5#229;2;7;3;14#230;2;5;4;8#231;2;5;4;7#232;2;4;4;6#233;2;4;4;5#234;2;4;3;5#235;2;5;4;5#236;2;5;3;5#237;2;4;4;5#238;2;4;3;5#239;2;3;4;5#240;2;3;3;6#241;2;3;3;6#242;2;3;3;4#243;2;2;3;5#244;2;2;2;5#245;2;2;2;4#246;2;2;2;5#247;2;2;1;3#197@#195@#172@#148@#89@#157@#54@#86@#115@#110@#116@#112@#114@#113@#111@#99@$#121A#144A#164A#183A#146A#93A#55A#9A#1A#32A#5A#103A#107A#108A#106A#105A$#126C#120C#87C#91C#139C#160C#159C#128C#125C#95C#124C#122C#101C#104C#102C#100C$#184G#196G#194G#170G#158G#193G#133G#98G#129G#96G#161G#163G#61G#62G#63G#64G$#33O#94O#168O#181O#154O#97O#66O#10O#3O#67O#80O#118O#56O#58O#57O#59O$#166_#138_#169_#173_#130_#76_#77_#18_#6_#23_#26_#29_#53_#49_#51_#52_-#171@#208@#207@#147@#15@#11@#19@#20@#12@#25@#13@#16@#44@#39@#45@#47@$#123A#180A#229A#71A#2A#79A#65A#24A#22A#21A#28A#38A#41A#40A#46A#50A$#209C#210C#152C#149C#14C#78C#74C#69C#70C#68C#88C#48C#34C#35C#37C#43C$#198G#75G#150G#153G#135G#177G#30G#82G#132G#27G#142G#175G#119G#60G#42G#36G$#145O#134O#214O#239O#243O#244O#8O#7O#72O#0O#182O#232O#211O#185O#167O#109O$#73_#236_#233_#237__#245_#127_#117_#136_#137_#216_#199_#200_#201_#230_#174_-#31@#235@#188@#165@#189@#222@#246@#17@#4@#206@#204@#186@#187@#213@#220@#231@$#85A#247A#141A#83A#84A#178A#240A#90A#143A#212A#155A#81A#92A#151A#191A#218A$#131C#242C#238C#234C#221C#224C#225C#241C#227C#203C#179C#162C#176C#192C#215C#217C$#156G#228G#226G#223!3G#233G#140G#190G#204G#203G#202G#205G#219G#227GG$\x1b\\'
# ---
