# serializer version: 1
# name: test_render
  '''
  [38;2;52;50;86;48;2;58;46;70mâ–€[0m[38;2;89;74;77;48;2;166;102;74mâ–€[0m[38;2;102;103;122;48;2;175;122;108mâ–€[0m[38;2;70;109;180;48;2;104;141;201mâ–€[0m
  [38;2;62;37;40;48;2;43;36;36mâ–€[0m[38;2;114;77;62;48;2;34;35;41mâ–€[0m[38;2;108;85;84;48;2;45;38;46mâ–€[0m[38;2;62;78;114;48;2;32;18;25mâ–€[0m
  
  '''
# ---
