# serializer version: 1
# name: test_render
  '''
  [38;2;61;56;91;48;2;44;41;81mâ–€[0m[38;2;89;88;116;48;2;107;105;128mâ–€[0m[38;2;58;96;170;48;2;66;103;175mâ–€[0m[38;2;65;102;177;48;2;66;104;178mâ–€[0m
  [38;2;33;30;73;48;2;26;26;71mâ–€[0m[38;2;111;106;128;48;2;78;68;88mâ–€[0m[38;2;68;105;175;48;2;68;96;155mâ–€[0m[38;2;68;106;179;48;2;69;107;182mâ–€[0m
  [38;2;22;22;68;48;2;19;20;66mâ–€[0m[38;2;78;68;84;48;2;99;88;101mâ–€[0m[38;2;88;112;162;48;2;118;136;175mâ–€[0m[38;2;66;106;181;48;2;62;103;179mâ–€[0m
  [38;2;22;22;69;48;2;34;34;75mâ–€[0m[38;2;118;107;111;48;2;134;120;119mâ–€[0m[38;2;140;151;175;48;2;157;166;184mâ–€[0m[38;2;63;104;180;48;2;64;105;180mâ–€[0m
  [38;2;61;58;92;48;2;97;91;115mâ–€[0m[38;2;121;102;98;48;2;100;84;81mâ–€[0m[38;2;152;157;169;48;2;129;128;135mâ–€[0m[38;2;66;107;182;48;2;68;108;182mâ–€[0m
  [38;2;115;107;125;48;2;110;102;120mâ–€[0m[38;2;113;96;84;48;2;87;72;66mâ–€[0m[38;2;140;135;132;48;2;121;112;109mâ–€[0m[38;2;68;108;181;48;2;67;106;176mâ–€[0m
  [38;2;96;87;108;48;2;61;56;87mâ–€[0m[38;2;43;33;36;48;2;37;29;31mâ–€[0m[38;2;54;50;61;48;2;27;30;44mâ–€[0m[38;2;70;109;177;48;2;72;110;178mâ–€[0m
  [38;2;42;39;76;48;2;28;27;67mâ–€[0m[38;2;28;22;23;48;2;20;16;18mâ–€[0m[38;2;20;27;39;48;2;21;27;39mâ–€[0m[38;2;74;112;180;48;2;77;114;181mâ–€[0m
  [38;2;24;23;67;48;2;17;19;63mâ–€[0m[38;2;34;18;19;48;2;102;63;52mâ–€[0m[38;2;47;34;43;48;2;133;94;85mâ–€[0m[38;2;77;116;181;48;2;73;113;179mâ–€[0m
  [38;2;16;17;61;48;2;27;27;67mâ–€[0m[38;2;146;104;88;48;2;160;116;99mâ–€[0m[38;2;179;139;127;48;2;186;145;132mâ–€[0m[38;2;75;114;177;48;2;78;117;180mâ–€[0m
  [38;2;50;48;80;48;2;73;68;92mâ–€[0m[38;2;151;104;85;48;2;146;95;75mâ–€[0m[38;2;180;133;119;48;2;146;105;97mâ–€[0m[38;2;84;123;185;48;2;86;126;186mâ–€[0m
  [38;2;101;93;107;48;2;97;86;101mâ–€[0m[38;2;115;74;60;48;2;120;71;55mâ–€[0m[38;2;145;107;103;48;2;142;90;79mâ–€[0m[38;2;90;128;189;48;2;98;133;192mâ–€[0m
  [38;2;76;66;86;48;2;52;43;70mâ–€[0m[38;2;122;63;46;48;2;159;91;68mâ–€[0m[38;2;162;96;78;48;2;205;137;112mâ–€[0m[38;2;103;135;192;48;2;104;136;192mâ–€[0m
  [38;2;27;23;57;48;2;21;18;52mâ–€[0m[38;2;172;101;75;48;2;180;113;87mâ–€[0m[38;2;212;144;120;48;2;215;156;135mâ–€[0m[38;2;106;138;194;48;2;105;137;193mâ–€[0m
  [38;2;24;21;54;48;2;28;26;59mâ–€[0m[38;2;189;128;102;48;2;189;123;94mâ–€[0m[38;2;211;153;133;48;2;206;143;124mâ–€[0m[38;2;108;139;196;48;2;110;141;198mâ–€[0m
  [38;2;33;30;60;48;2;40;37;63mâ–€[0m[38;2;189;121;90;48;2;185;115;85mâ–€[0m[38;2;194;130;114;48;2;175;112;99mâ–€[0m[38;2;111;144;200;48;2;112;145;201mâ–€[0m
  [38;2;56;51;72;48;2;75;66;80mâ–€[0m[38;2;204;136;103;48;2;203;139;105mâ–€[0m[38;2;187;127;112;48;2;194;138;122mâ–€[0m[38;2;110;143;201;48;2;107;141;199mâ–€[0m
  [38;2;88;72;81;48;2;88;67;76mâ–€[0m[38;2;186;118;87;48;2;174;105;77mâ–€[0m[38;2;179;120;111;48;2;178;121;113mâ–€[0m[38;2;106;142;201;48;2;107;144;203mâ–€[0m
  [38;2;82;59;69;48;2;72;47;59mâ–€[0m[38;2;183;114;79;48;2;194;113;69mâ–€[0m[38;2;185;136;124;48;2;169;122;113mâ–€[0m[38;2;106;143;202;48;2;107;144;205mâ–€[0m
  [38;2;65;35;48;48;2;70;31;39mâ–€[0m[38;2;209;120;72;48;2;209;117;66mâ–€[0m[38;2;178;141;134;48;2;175;142;143mâ–€[0m[38;2;106;144;205;48;2;107;145;207mâ–€[0m
  [38;2;78;28;35;48;2;88;28;33mâ–€[0m[38;2;194;106;56;48;2;162;84;45mâ–€[0m[38;2;151;118;122;48;2;113;88;95mâ–€[0m[38;2;108;147;208;48;2;112;149;209mâ–€[0m
  [38;2;96;26;31;48;2;105;28;33mâ–€[0m[38;2;141;73;42;48;2;133;71;47mâ–€[0m[38;2;97;79;84;48;2;104;78;77mâ–€[0m[38;2;112;148;207;48;2;107;142;200mâ–€[0m
  [38;2;108;37;42;48;2;99;43;48mâ–€[0m[38;2;113;60;46;48;2;100;58;47mâ–€[0m[38;2;109;76;70;48;2;113;77;67mâ–€[0m[38;2;99;131;185;48;2;87;116;165mâ–€[0m
  [38;2;77;54;57;48;2;59;53;58mâ–€[0m[38;2;96;63;51;48;2;95;65;56mâ–€[0m[38;2;112;76;65;48;2;109;75;66mâ–€[0m[38;2;72;95;138;48;2;50;64;96mâ–€[0m
  [38;2;36;33;38;48;2;26;24;28mâ–€[0m[38;2;97;72;64;48;2;101;81;75mâ–€[0m[38;2;106;78;71;48;2;110;87;82mâ–€[0m[38;2;36;45;70;48;2;27;31;51mâ–€[0m
  [38;2;22;20;24;48;2;22;18;21mâ–€[0m[38;2;103;86;82;48;2;105;97;97mâ–€[0m[38;2;117;100;96;48;2;118;111;111mâ–€[0m[38;2;21;24;42;48;2;17;19;35mâ–€[0m
  [38;2;27;21;23;48;2;36;28;29mâ–€[0m[38;2;83;81;86;48;2;54;53;57mâ–€[0m[38;2;85;83;89;48;2;50;49;54mâ–€[0m[38;2;19;20;35;48;2;21;22;36mâ–€[0m
  [38;2;41;34;33;48;2;44;36;34mâ–€[0m[38;2;35;35;39;48;2;17;17;22mâ–€[0m[38;2;30;28;34;48;2;20;19;25mâ–€[0m[38;2;21;21;35;48;2;20;20;32mâ–€[0m
  [38;2;43;35;33;48;2;40;32;31mâ–€[0m[38;2;23;22;26;48;2;45;44;49mâ–€[0m[38;2;37;36;42;48;2;68;66;73mâ–€[0m[38;2;16;16;27;48;2;11;11;22mâ–€[0m
  [38;2;39;31;29;48;2;38;29;29mâ–€[0m[38;2;49;48;53;48;2;55;54;59mâ–€[0m[38;2;69;68;75;48;2;69;67;75mâ–€[0m[38;2;10;10;19;48;2;10;10;19mâ–€[0m
  [38;2;34;26;25;48;2;69;59;57mâ–€[0m[38;2;60;59;64;48;2;67;64;69mâ–€[0m[38;2;65;63;71;48;2;58;52;61mâ–€[0m[38;2;10;11;19;48;2;18;12;21mâ–€[0m
  [38;2;110;99;98;48;2;113;102;102mâ–€[0m[38;2;87;84;91;48;2;91;86;94mâ–€[0m[38;2;71;44;58;48;2;74;53;68mâ–€[0m[38;2;50;19;33;48;2;84;49;60mâ–€[0m
  [38;2;93;81;84;48;2;41;33;34mâ–€[0m[38;2;76;70;79;48;2;27;25;31mâ–€[0m[38;2;81;59;75;48;2;96;58;62mâ–€[0m[38;2;113;69;80;48;2;120;56;65mâ–€[0m
  [38;2;32;25;25;48;2;32;25;25mâ–€[0m[38;2;9;9;14;48;2;13;13;17mâ–€[0m[38;2;67;40;44;48;2;19;18;27mâ–€[0m[38;2;69;35;44;48;2;18;16;25mâ–€[0m
  [38;2;31;25;26;48;2;30;22;25mâ–€[0m[38;2;13;13;18;48;2;12;12;17mâ–€[0m[38;2;21;21;28;48;2;20;20;28mâ–€[0m[38;2;20;18;26;48;2;19;18;25mâ–€[0m
  [38;2;28;18;21;48;2;26;14;17mâ–€[0m[38;2;12;12;16;48;2;12;12;16mâ–€[0m[38;2;19;18;26;48;2;19;18;25mâ–€[0m[38;2;18;17;25;48;2;18;17;25mâ–€[0m
  [38;2;24;13;16;48;2;21;12;15mâ–€[0m[38;2;12;13;16;48;2;29;26;23mâ–€[0m[38;2;20;19;26;48;2;31;27;29mâ–€[0m[38;2;17;16;23;48;2;15;15;22mâ–€[0m
  [38;2;20;11;15;48;2;20;12;15mâ–€[0m[38;2;35;27;24;48;2;28;21;22mâ–€[0m[38;2;33;27;28;48;2;28;24;26mâ–€[0m[38;2;12;13;19;48;2;13;13;19mâ–€[0m
  
  '''
# ---
