# serializer version: 1
# name: test_render
  '''
  ░▒░░
   ░░▒
   ░▒░
   ▒▓░
  ░░▒▒
  ▒░▒▒
  ░  ▒
     ▒
    ░▒
   ▒▓▒
  ░▒▒▒
  ░░▒▒
  ░░▒▒
   ▒▓▒
   ▒▓▒
   ▒▒▒
  ░▒▒▒
  ░▒▒▒
  ░▒▒▒
   ▒▒▒
   ▒▒▒
   ░░▒
  ░░░▒
  ░░░░
   ░░ 
   ░▒ 
   ░░ 
      
      
   ░░ 
   ░░ 
  ▒░░ 
  ░ ░░
      
      
      
      
      
  
  '''
# ---
