# serializer version: 1
# name: test_render
  '''
  [38;2;0;5;57m􎻮̅̅̅􎻮̅̍̅􎻮̅̎̅􎻮̅̐̅[0m
  [38;2;0;5;57m􎻮̍̅̅􎻮̍̍̅􎻮̍̎̅􎻮̍̐̅[0m
  [38;2;0;5;57m􎻮̎̅̅􎻮̎̍̅􎻮̎̎̅􎻮̎̐̅[0m
  
  '''
# ---
